[    0.000000] Linux version 4.15.0-184-generic (buildd@lcy02-amd64-006) (gcc version 7.5.0 (Ubuntu 7.5.0-3ubuntu1~18.04)) #194-Ubuntu SMP Thu Jun 2 18:54:48 UTC 2022 (Ubuntu 4.15.0-184.194-generic 4.15.18)
[    0.000000] Command line: BOOT_IMAGE=/boot/vmlinuz-4.15.0-184-generic root=LABEL=cloudimg-rootfs ro console=tty1 console=ttyS0
[    0.000000] KERNEL supported cpus:
[    0.000000]   Intel GenuineIntel
[    0.000000]   AMD AuthenticAMD
[    0.000000]   Centaur CentaurHauls
[    0.000000] x86/fpu: Supporting XSAVE feature 0x001: 'x87 floating point registers'
[    0.000000] x86/fpu: Supporting XSAVE feature 0x002: 'SSE registers'
[    0.000000] x86/fpu: Supporting XSAVE feature 0x004: 'AVX registers'
[    0.000000] x86/fpu: xstate_offset[2]:  576, xstate_sizes[2]:  256
[    0.000000] x86/fpu: Enabled xstate features 0x7, context size is 832 bytes, using 'standard' format.
[    0.000000] e820: BIOS-provided physical RAM map:
[    0.000000] BIOS-e820: [mem 0x0000000000000000-0x000000000009fbff] usable
[    0.000000] BIOS-e820: [mem 0x000000000009fc00-0x000000000009ffff] reserved
[    0.000000] BIOS-e820: [mem 0x00000000000f0000-0x00000000000fffff] reserved
[    0.000000] BIOS-e820: [mem 0x0000000000100000-0x000000003ffeffff] usable
[    0.000000] BIOS-e820: [mem 0x000000003fff0000-0x000000003fffffff] ACPI data
[    0.000000] BIOS-e820: [mem 0x00000000fec00000-0x00000000fec00fff] reserved
[    0.000000] BIOS-e820: [mem 0x00000000fee00000-0x00000000fee00fff] reserved
[    0.000000] BIOS-e820: [mem 0x00000000fffc0000-0x00000000ffffffff] reserved
[    0.000000] NX (Execute Disable) protection: active
[    0.000000] SMBIOS 2.5 present.
[    0.000000] DMI: innotek GmbH VirtualBox/VirtualBox, BIOS VirtualBox 12/01/2006
[    0.000000] Hypervisor detected: KVM
[    0.000000] e820: last_pfn = 0x3fff0 max_arch_pfn = 0x400000000
[    0.000000] MTRR: Disabled
[    0.000000] x86/PAT: MTRRs disabled, skipping PAT initialization too.
[    0.000000] CPU MTRRs all blank - virtualized system.
[    0.000000] x86/PAT: Configuration [0-7]: WB  WT  UC- UC  WB  WT  UC- UC  
[    0.000000] found SMP MP-table at [mem 0x0009fff0-0x0009ffff]
[    0.000000] Scanning 1 areas for low memory corruption
[    0.000000] RAMDISK: [mem 0x359c9000-0x36cdbfff]
[    0.000000] ACPI: Early table checksum verification disabled
[    0.000000] ACPI: RSDP 0x00000000000E0000 000024 (v02 VBOX  )
[    0.000000] ACPI: XSDT 0x000000003FFF0030 00003C (v01 VBOX   VBOXXSDT 00000001 ASL  00000061)
[    0.000000] ACPI: FACP 0x000000003FFF00F0 0000F4 (v04 VBOX   VBOXFACP 00000001 ASL  00000061)
[    0.000000] ACPI: DSDT 0x000000003FFF0470 002325 (v02 VBOX   VBOXBIOS 00000002 INTL 20100528)
[    0.000000] ACPI: FACS 0x000000003FFF0200 000040
[    0.000000] ACPI: FACS 0x000000003FFF0200 000040
[    0.000000] ACPI: APIC 0x000000003FFF0240 00005C (v02 VBOX   VBOXAPIC 00000001 ASL  00000061)
[    0.000000] ACPI: SSDT 0x000000003FFF02A0 0001CC (v01 VBOX   VBOXCPUT 00000002 INTL 20100528)
[    0.000000] ACPI: Reserving FACP table memory at [mem 0x3fff00f0-0x3fff01e3]
[    0.000000] ACPI: Reserving DSDT table memory at [mem 0x3fff0470-0x3fff2794]
[    0.000000] ACPI: Reserving FACS table memory at [mem 0x3fff0200-0x3fff023f]
[    0.000000] ACPI: Reserving FACS table memory at [mem 0x3fff0200-0x3fff023f]
[    0.000000] ACPI: Reserving APIC table memory at [mem 0x3fff0240-0x3fff029b]
[    0.000000] ACPI: Reserving SSDT table memory at [mem 0x3fff02a0-0x3fff046b]
[    0.000000] No NUMA configuration found
[    0.000000] Faking a node at [mem 0x0000000000000000-0x000000003ffeffff]
[    0.000000] NODE_DATA(0) allocated [mem 0x3ffc5000-0x3ffeffff]
[    0.000000] kvm-clock: cpu 0, msr 0:3ff44001, primary cpu clock
[    0.000000] kvm-clock: Using msrs 4b564d01 and 4b564d00
[    0.000000] kvm-clock: using sched offset of 3250202783 cycles
[    0.000000] clocksource: kvm-clock: mask: 0xffffffffffffffff max_cycles: 0x1cd42e4dffb, max_idle_ns: 881590591483 ns
[    0.000000] Zone ranges:
[    0.000000]   DMA      [mem 0x0000000000001000-0x0000000000ffffff]
[    0.000000]   DMA32    [mem 0x0000000001000000-0x000000003ffeffff]
[    0.000000]   Normal   empty
[    0.000000]   Device   empty
[    0.000000] Movable zone start for each node
[    0.000000] Early memory node ranges
[    0.000000]   node   0: [mem 0x0000000000001000-0x000000000009efff]
[    0.000000]   node   0: [mem 0x0000000000100000-0x000000003ffeffff]
[    0.000000] Reserved but unavailable: 104 pages
[    0.000000] Initmem setup node 0 [mem 0x0000000000001000-0x000000003ffeffff]
[    0.000000] ACPI: PM-Timer IO Port: 0x4008
[    0.000000] IOAPIC[0]: apic_id 2, version 32, address 0xfec00000, GSI 0-23
[    0.000000] ACPI: INT_SRC_OVR (bus 0 bus_irq 0 global_irq 2 dfl dfl)
[    0.000000] ACPI: INT_SRC_OVR (bus 0 bus_irq 9 global_irq 9 low level)
[    0.000000] Using ACPI (MADT) for SMP configuration information
[    0.000000] smpboot: Allowing 2 CPUs, 0 hotplug CPUs
[    0.000000] PM: Registered nosave memory: [mem 0x00000000-0x00000fff]
[    0.000000] PM: Registered nosave memory: [mem 0x0009f000-0x0009ffff]
[    0.000000] PM: Registered nosave memory: [mem 0x000a0000-0x000effff]
[    0.000000] PM: Registered nosave memory: [mem 0x000f0000-0x000fffff]
[    0.000000] e820: [mem 0x40000000-0xfebfffff] available for PCI devices
[    0.000000] Booting paravirtualized kernel on KVM
[    0.000000] clocksource: refined-jiffies: mask: 0xffffffff max_cycles: 0xffffffff, max_idle_ns: 7645519600211568 ns
[    0.000000] random: get_random_bytes called from start_kernel+0x99/0x500 with crng_init=0
[    0.000000] setup_percpu: NR_CPUS:8192 nr_cpumask_bits:2 nr_cpu_ids:2 nr_node_ids:1
[    0.000000] percpu: Embedded 50 pages/cpu s167936 r8192 d28672 u1048576
[    0.000000] PV qspinlock hash table entries: 256 (order: 0, 4096 bytes)
[    0.000000] Built 1 zonelists, mobility grouping on.  Total pages: 257913
[    0.000000] Policy zone: DMA32
[    0.000000] Kernel command line: BOOT_IMAGE=/boot/vmlinuz-4.15.0-184-generic root=LABEL=cloudimg-rootfs ro console=tty1 console=ttyS0
[    0.000000] Memory: 982644K/1048120K available (12300K kernel code, 2484K rwdata, 4324K rodata, 2468K init, 2724K bss, 65476K reserved, 0K cma-reserved)
[    0.000000] SLUB: HWalign=64, Order=0-3, MinObjects=0, CPUs=2, Nodes=1
[    0.000000] ftrace: allocating 39508 entries in 155 pages
[    0.004000] Hierarchical RCU implementation.
[    0.004000] 	RCU restricting CPUs from NR_CPUS=8192 to nr_cpu_ids=2.
[    0.004000] 	Tasks RCU enabled.
[    0.004000] RCU: Adjusting geometry for rcu_fanout_leaf=16, nr_cpu_ids=2
[    0.004000] NR_IRQS: 524544, nr_irqs: 440, preallocated irqs: 16
[    0.004000] Console: colour VGA+ 80x25
[    0.004000] console [tty1] enabled
[    0.004000] console [ttyS0] enabled
[    0.004000] ACPI: Core revision 20170831
[    0.004000] ACPI: 2 ACPI AML tables successfully acquired and loaded
[    0.004000] APIC: Switch to symmetric I/O mode setup
[    0.004000] x2apic enabled
[    0.004000] Switched APIC routing to physical x2apic.
[    0.004000] ..TIMER: vector=0x30 apic1=0 pin1=2 apic2=-1 pin2=-1
[    0.004000] tsc: Detected 2495.998 MHz processor
[    0.004005] Calibrating delay loop (skipped) preset value.. 4991.99 BogoMIPS (lpj=9983992)
[    0.005115] pid_max: default: 32768 minimum: 301
[    0.005746] Security Framework initialized
[    0.006326] Yama: becoming mindful.
[    0.006810] AppArmor: AppArmor initialized
[    0.007638] Dentry cache hash table entries: 131072 (order: 8, 1048576 bytes)
[    0.008031] Inode-cache hash table entries: 65536 (order: 7, 524288 bytes)
[    0.008897] Mount-cache hash table entries: 2048 (order: 2, 16384 bytes)
[    0.009785] Mountpoint-cache hash table entries: 2048 (order: 2, 16384 bytes)
[    0.012191] Last level iTLB entries: 4KB 64, 2MB 8, 4MB 8
[    0.012920] Last level dTLB entries: 4KB 64, 2MB 0, 4MB 0, 1GB 4
[    0.013673] Spectre V1 : Mitigation: usercopy/swapgs barriers and __user pointer sanitization
[    0.014791] Spectre V2 : Mitigation: Retpolines
[    0.015378] Spectre V2 : Spectre v2 / SpectreRSB mitigation: Filling RSB on context switch
[    0.016001] Speculative Store Bypass: Vulnerable
[    0.016757] Freeing SMP alternatives memory: 36K
[    0.127901] smpboot: CPU0: Intel(R) Core(TM) i5-10300H CPU @ 2.50GHz (family: 0x6, model: 0xa5, stepping: 0x2)
[    0.128000] Performance Events: unsupported p6 CPU model 165 no PMU driver, software events only.
[    0.128000] Hierarchical SRCU implementation.
[    0.128209] NMI watchdog: Perf event create on CPU 0 failed with -2
[    0.128999] NMI watchdog: Perf NMI watchdog permanently disabled
[    0.129786] smp: Bringing up secondary CPUs ...
[    0.130527] x86: Booting SMP configuration:
[    0.131126] .... node  #0, CPUs:      #1
[    0.004000] kvm-clock: cpu 1, msr 0:3ff44041, secondary cpu clock
[    0.134436] smp: Brought up 1 node, 2 CPUs
[    0.134436] smpboot: Max logical packages: 1
[    0.134436] smpboot: Total of 2 processors activated (9983.99 BogoMIPS)
[    0.136109] devtmpfs: initialized
[    0.136490] x86/mm: Memory block size: 128MB
[    0.137186] evm: security.selinux
[    0.137646] evm: security.SMACK64
[    0.138108] evm: security.SMACK64EXEC
[    0.138605] evm: security.SMACK64TRANSMUTE
[    0.140002] evm: security.SMACK64MMAP
[    0.140494] evm: security.apparmor
[    0.140960] evm: security.ima
[    0.141379] evm: security.capability
[    0.141922] clocksource: jiffies: mask: 0xffffffff max_cycles: 0xffffffff, max_idle_ns: 7645041785100000 ns
[    0.141922] futex hash table entries: 512 (order: 3, 32768 bytes)
[    0.144026] pinctrl core: initialized pinctrl subsystem
[    0.144998] RTC time:  7:57:40, date: 06/13/22
[    0.145743] NET: Registered protocol family 16
[    0.146486] audit: initializing netlink subsys (disabled)
[    0.147252] audit: type=2000 audit(1655107065.595:1): state=initialized audit_enabled=0 res=1
[    0.148007] cpuidle: using governor ladder
[    0.148589] cpuidle: using governor menu
[    0.149134] ACPI: bus type PCI registered
[    0.149704] acpiphp: ACPI Hot Plug PCI Controller Driver version: 0.5
[    0.150609] PCI: Using configuration type 1 for base access
[    0.152662] HugeTLB registered 2.00 MiB page size, pre-allocated 0 pages
[    0.152948] ACPI: Added _OSI(Module Device)
[    0.152948] ACPI: Added _OSI(Processor Device)
[    0.153212] ACPI: Added _OSI(3.0 _SCP Extensions)
[    0.156002] ACPI: Added _OSI(Processor Aggregator Device)
[    0.156702] ACPI: Added _OSI(Linux-Dell-Video)
[    0.157286] ACPI: Added _OSI(Linux-Lenovo-NV-HDMI-Audio)
[    0.158009] ACPI: Added _OSI(Linux-HPI-Hybrid-Graphics)
[    0.158891] ACPI: Executed 1 blocks of module-level executable AML code
[    0.162217] ACPI: Interpreter enabled
[    0.162760] ACPI: (supports S0 S5)
[    0.164007] ACPI: Using IOAPIC for interrupt routing
[    0.164840] PCI: Using host bridge windows from ACPI; if necessary, use "pci=nocrs" and report a bug
[    0.166104] ACPI: Enabled 2 GPEs in block 00 to 07
[    0.170971] ACPI: PCI Root Bridge [PCI0] (domain 0000 [bus 00-ff])
[    0.171754] acpi PNP0A03:00: _OSC: OS supports [ASPM ClockPM Segments MSI]
[    0.172323] acpi PNP0A03:00: _OSC: not requesting OS control; OS requires [ExtendedConfig ASPM ClockPM MSI]
[    0.173610] acpi PNP0A03:00: fail to add MMCONFIG information, can't access extended PCI configuration space under this bridge.
[    0.176136] PCI host bridge to bus 0000:00
[    0.176685] pci_bus 0000:00: root bus resource [io  0x0000-0x0cf7 window]
[    0.177574] pci_bus 0000:00: root bus resource [io  0x0d00-0xffff window]
[    0.178487] pci_bus 0000:00: root bus resource [mem 0x000a0000-0x000bffff window]
[    0.179519] pci_bus 0000:00: root bus resource [mem 0x40000000-0xfdffffff window]
[    0.180002] pci_bus 0000:00: root bus resource [bus 00-ff]
[    0.182605] pci 0000:00:01.1: legacy IDE quirk: reg 0x10: [io  0x01f0-0x01f7]
[    0.183537] pci 0000:00:01.1: legacy IDE quirk: reg 0x14: [io  0x03f6]
[    0.184002] pci 0000:00:01.1: legacy IDE quirk: reg 0x18: [io  0x0170-0x0177]
[    0.184935] pci 0000:00:01.1: legacy IDE quirk: reg 0x1c: [io  0x0376]
[    0.202819] pci 0000:00:07.0: quirk: [io  0x4000-0x403f] claimed by PIIX4 ACPI
[    0.204020] pci 0000:00:07.0: quirk: [io  0x4100-0x410f] claimed by PIIX4 SMB
[    0.211087] ACPI: PCI Interrupt Link [LNKA] (IRQs 5 9 10 *11)
[    0.212055] ACPI: PCI Interrupt Link [LNKB] (IRQs 5 9 *10 11)
[    0.213068] ACPI: PCI Interrupt Link [LNKC] (IRQs 5 *9 10 11)
[    0.213907] ACPI: PCI Interrupt Link [LNKD] (IRQs 5 9 10 *11)
[    0.214882] SCSI subsystem initialized
[    0.215439] pci 0000:00:02.0: vgaarb: setting as boot VGA device
[    0.215439] pci 0000:00:02.0: vgaarb: VGA device added: decodes=io+mem,owns=io+mem,locks=none
[    0.216003] pci 0000:00:02.0: vgaarb: bridge control possible
[    0.216762] vgaarb: loaded
[    0.217182] ACPI: bus type USB registered
[    0.217752] usbcore: registered new interface driver usbfs
[    0.218493] usbcore: registered new interface driver hub
[    0.220005] usbcore: registered new device driver usb
[    0.220715] EDAC MC: Ver: 3.0.0
[    0.220715] PCI: Using ACPI for IRQ routing
[    0.220768] NetLabel: Initializing
[    0.221246] NetLabel:  domain hash size = 128
[    0.221837] NetLabel:  protocols = UNLABELED CIPSOv4 CALIPSO
[    0.224012] NetLabel:  unlabeled traffic allowed by default
[    0.224765] clocksource: Switched to clocksource kvm-clock
[    0.232311] VFS: Disk quotas dquot_6.6.0
[    0.232910] VFS: Dquot-cache hash table entries: 512 (order 0, 4096 bytes)
[    0.233899] AppArmor: AppArmor Filesystem Enabled
[    0.234655] pnp: PnP ACPI init
[    0.236190] pnp: PnP ACPI: found 3 devices
[    0.244170] clocksource: acpi_pm: mask: 0xffffff max_cycles: 0xffffff, max_idle_ns: 2085701024 ns
[    0.245394] NET: Registered protocol family 2
[    0.246091] IP idents hash table entries: 16384 (order: 5, 131072 bytes)
[    0.247557] TCP established hash table entries: 8192 (order: 4, 65536 bytes)
[    0.248517] TCP bind hash table entries: 8192 (order: 5, 131072 bytes)
[    0.249384] TCP: Hash tables configured (established 8192 bind 8192)
[    0.250236] UDP hash table entries: 512 (order: 2, 16384 bytes)
[    0.251048] UDP-Lite hash table entries: 512 (order: 2, 16384 bytes)
[    0.251915] NET: Registered protocol family 1
[    0.252535] pci 0000:00:00.0: Limiting direct PCI/PCI transfers
[    0.253328] pci 0000:00:01.0: Activating ISA DMA hang workarounds
[    0.254166] pci 0000:00:02.0: Video device with shadowed ROM at [mem 0x000c0000-0x000dffff]
[    0.255329] Unpacking initramfs...
[    0.504584] Freeing initrd memory: 19532K
[    0.505431] clocksource: tsc: mask: 0xffffffffffffffff max_cycles: 0x23fa754787d, max_idle_ns: 440795210092 ns
[    0.506989] platform rtc_cmos: registered platform RTC device (no PNP device found)
[    0.508035] Scanning for low memory corruption every 60 seconds
[    0.509451] Initialise system trusted keyrings
[    0.510039] Key type blacklist registered
[    0.510714] workingset: timestamp_bits=36 max_order=18 bucket_order=0
[    0.512208] zbud: loaded
[    0.513003] squashfs: version 4.0 (2009/01/31) Phillip Lougher
[    0.514052] fuse init (API version 7.26)
[    0.517111] Key type asymmetric registered
[    0.517655] Asymmetric key parser 'x509' registered
[    0.518359] Block layer SCSI generic (bsg) driver version 0.4 loaded (major 246)
[    0.519524] io scheduler noop registered
[    0.520106] io scheduler deadline registered
[    0.520687] io scheduler cfq registered (default)
[    0.521575] ACPI: AC Adapter [AC] (on-line)
[    0.522218] input: Power Button as /devices/LNXSYSTM:00/LNXPWRBN:00/input/input0
[    0.523294] ACPI: Power Button [PWRF]
[    0.523877] input: Sleep Button as /devices/LNXSYSTM:00/LNXSLPBN:00/input/input1
[    0.524896] ACPI: Sleep Button [SLPF]
[    0.526185] ACPI: Battery Slot [BAT0] (battery present)
[    0.527065] Serial: 8250/16550 driver, 32 ports, IRQ sharing enabled
[    0.548421] 00:02: ttyS0 at I/O 0x3f8 (irq = 4, base_baud = 115200) is a 16550A
[    0.552527] Linux agpgart interface v0.103
[    0.553971] loop: module loaded
[    0.554784] scsi host0: ata_piix
[    0.555535] scsi host1: ata_piix
[    0.556068] ata1: PATA max UDMA/33 cmd 0x1f0 ctl 0x3f6 bmdma 0xd000 irq 14
[    0.556929] ata2: PATA max UDMA/33 cmd 0x170 ctl 0x376 bmdma 0xd008 irq 15
[    0.557887] tun: Universal TUN/TAP device driver, 1.6
[    0.558798] PPP generic driver version 2.4.2
[    0.559510] ehci_hcd: USB 2.0 'Enhanced' Host Controller (EHCI) Driver
[    0.560392] ehci-pci: EHCI PCI platform driver
[    0.561025] ehci-platform: EHCI generic platform driver
[    0.561706] ohci_hcd: USB 1.1 'Open' Host Controller (OHCI) Driver
[    0.562690] ohci-pci: OHCI PCI platform driver
[    0.563406] ohci-platform: OHCI generic platform driver
[    0.564316] uhci_hcd: USB Universal Host Controller Interface driver
[    0.565149] i8042: PNP: PS/2 Controller [PNP0303:PS2K,PNP0f03:PS2M] at 0x60,0x64 irq 1,12
[    0.566625] serio: i8042 KBD port at 0x60,0x64 irq 1
[    0.567286] serio: i8042 AUX port at 0x60,0x64 irq 12
[    0.568256] mousedev: PS/2 mouse device common for all mice
[    0.569693] rtc_cmos rtc_cmos: rtc core: registered rtc_cmos as rtc0
[    0.570573] rtc_cmos rtc_cmos: alarms up to one day, 114 bytes nvram
[    0.571412] i2c /dev entries driver
[    0.571963] input: AT Translated Set 2 keyboard as /devices/platform/i8042/serio0/input/input2
[    0.573304] device-mapper: uevent: version 1.0.3
[    0.574185] device-mapper: ioctl: 4.37.0-ioctl (2017-09-20) initialised: dm-devel@redhat.com
[    0.575379] ledtrig-cpu: registered to indicate activity on CPUs
[    0.576467] NET: Registered protocol family 10
[    0.579186] Segment Routing with IPv6
[    0.579725] NET: Registered protocol family 17
[    0.580443] Key type dns_resolver registered
[    0.581179] mce: Using 0 MCE banks
[    0.581686] RAS: Correctable Errors collector initialized.
[    0.582415] sched_clock: Marking stable (581162654, 0)->(706982853, -125820199)
[    0.583774] registered taskstats version 1
[    0.584391] Loading compiled-in X.509 certificates
[    0.586305] Loaded X.509 cert 'Build time autogenerated kernel key: f4fd64d52b56c4436ddabe28dede97324cd2ad97'
[    0.587959] Loaded X.509 cert 'Canonical Ltd. Live Patch Signing: 14df34d1a87cf37625abec039ef2bf521249b969'
[    0.589628] Loaded X.509 cert 'Canonical Ltd. Kernel Module Signing: 88f752e560a1e0737e31163a466ad7b70a850c19'
[    0.590952] blacklist: Loading compiled-in revocation X.509 certificates
[    0.591807] Loaded X.509 cert 'Canonical Ltd. Secure Boot Signing: 61482aa2830d0ab2ad5af10b7250da9033ddcef0'
[    0.593339] zswap: loaded using pool lzo/zbud
[    0.596154] Key type big_key registered
[    0.596673] Key type trusted registered
[    0.598142] Key type encrypted registered
[    0.598684] AppArmor: AppArmor sha1 policy hashing enabled
[    0.599427] ima: No TPM chip found, activating TPM-bypass! (rc=-19)
[    0.600285] ima: Allocated hash algorithm: sha1
[    0.600892] evm: HMAC attrs: 0x1
[    0.601514]   Magic number: 10:160:976
[    0.602153] rtc_cmos rtc_cmos: setting system clock to 2022-06-13 07:57:40 UTC (1655107060)
[    0.603389] BIOS EDD facility v0.16 2004-Jun-25, 0 devices found
[    0.604191] EDD information not available.
[    0.787297] Freeing unused kernel image memory: 2468K
[    1.536854] Write protecting the kernel read-only data: 20480k
[    1.541774] Freeing unused kernel image memory: 2008K
[    1.543609] Freeing unused kernel image memory: 1820K
[    1.551901] x86/mm: Checked W+X mappings: passed, no W+X pages found.
Loading, please wait...
starting version 237
[    1.589674] e1000: Intel(R) PRO/1000 Network Driver - version 7.3.21-k8-NAPI
[    1.591054] e1000: Copyright (c) 1999-2006 Intel Corporation.
[    1.593804] Fusion MPT base driver 3.04.20
[    1.594400] Copyright (c) 1999-2008 LSI Corporation
[    1.603142] Fusion MPT SPI Host driver 3.04.20
[    1.605652] AVX2 version of gcm_enc/dec engaged.
[    1.606302] AES CTR mode by8 optimization enabled
[    1.819740] input: ImExPS/2 Generic Explorer Mouse as /devices/platform/i8042/serio1/input/input4
[    2.705858] e1000 0000:00:03.0 eth0: (PCI:33MHz:32-bit) 02:e0:b1:59:f4:9d
[    2.709259] e1000 0000:00:03.0 eth0: Intel(R) PRO/1000 Network Connection
[    2.713402] e1000 0000:00:03.0 enp0s3: renamed from eth0
[    2.713656] mptbase: ioc0: Initiating bringup
[    2.821147] ioc0: LSI53C1030 A0: Capabilities={Initiator}
[    3.066582] scsi host2: ioc0: LSI53C1030 A0, FwRev=00000000h, Ports=1, MaxQ=256, IRQ=20
[    3.232844] scsi 2:0:0:0: Direct-Access     VBOX     HARDDISK         1.0  PQ: 0 ANSI: 5
[    3.629124] scsi target2:0:0: Beginning Domain Validation
[    3.635903] scsi target2:0:0: Domain Validation skipping write tests
[    3.637412] scsi target2:0:0: Ending Domain Validation
[    3.638647] scsi target2:0:0: asynchronous
[    3.640030] scsi 2:0:1:0: Direct-Access     VBOX     HARDDISK         1.0  PQ: 0 ANSI: 5
[    4.136247] scsi target2:0:1: Beginning Domain Validation
[    4.138956] random: fast init done
[    4.139557] scsi target2:0:1: Domain Validation skipping write tests
[    4.140383] scsi target2:0:1: Ending Domain Validation
[    4.141115] scsi target2:0:1: asynchronous
[    4.145457] sd 2:0:0:0: Attached scsi generic sg0 type 0
[    4.145485] random: systemd-udevd: uninitialized urandom read (16 bytes read)
[    4.147216] random: systemd-udevd: uninitialized urandom read (16 bytes read)
[    4.148259] random: systemd-udevd: uninitialized urandom read (16 bytes read)
[    4.148285] sd 2:0:1:0: Attached scsi generic sg1 type 0
[    4.149226] sd 2:0:0:0: [sda] 83886080 512-byte logical blocks: (42.9 GB/40.0 GiB)
[    4.151575] sd 2:0:0:0: [sda] Write Protect is off
[    4.152428] sd 2:0:1:0: [sdb] 20480 512-byte logical blocks: (10.5 MB/10.0 MiB)
[    4.153519] sd 2:0:0:0: [sda] Incomplete mode parameter data
[    4.154254] sd 2:0:0:0: [sda] Assuming drive cache: write through
[    4.155043] sd 2:0:1:0: [sdb] Write Protect is off
[    4.156004] sd 2:0:1:0: [sdb] Incomplete mode parameter data
[    4.156783] sd 2:0:1:0: [sdb] Assuming drive cache: write through
[    4.163021]  sda: sda1
[    4.164629] sd 2:0:0:0: [sda] Attached SCSI disk
[    4.166660] sd 2:0:1:0: [sdb] Attached SCSI disk
Begin: Loading essential drivers ... [    5.564129] raid6: sse2x1   gen() 14560 MB/s
[    5.612124] raid6: sse2x1   xor()  8632 MB/s
[    5.660128] raid6: sse2x2   gen() 17496 MB/s
[    5.708122] raid6: sse2x2   xor() 11610 MB/s
[    5.756124] raid6: sse2x4   gen() 19099 MB/s
[    5.804115] raid6: sse2x4   xor() 10659 MB/s
[    5.852113] raid6: avx2x1   gen() 28933 MB/s
[    5.900131] raid6: avx2x1   xor() 17064 MB/s
[    5.948203] raid6: avx2x2   gen() 31646 MB/s
[    5.996128] raid6: avx2x2   xor() 21790 MB/s
[    6.044116] raid6: avx2x4   gen() 36457 MB/s
[    6.092124] raid6: avx2x4   xor() 21109 MB/s
[    6.093149] raid6: using algorithm avx2x4 gen() 36457 MB/s
[    6.094125] raid6: .... xor() 21109 MB/s, rmw enabled
[    6.094801] raid6: using avx2x2 recovery algorithm
[    6.096414] xor: automatically using best checksumming function   avx       
[    6.098138] async_tx: api initialized (async)
done.
Begin: Running /scripts/init-premount ... done.
Begin: Mounting root file system ... Begin: Running /scripts/local-top ... done.
Begin: Running /scripts/local-premount ... [    6.128441] Btrfs loaded, crc32c=crc32c-intel
Scanning for Btrfs filesystems
done.
Warning: fsck not present, so skipping root file system
[    6.154069] EXT4-fs (sda1): mounted filesystem with ordered data mode. Opts: (null)
done.
Begin: Running /scripts/local-bottom ... done.
Begin: Running /scripts/init-bottom ... done.
[    6.257120] ip_tables: (C) 2000-2006 Netfilter Core Team
[    6.262216] systemd[1]: systemd 237 running in system mode. (+PAM +AUDIT +SELINUX +IMA +APPARMOR +SMACK +SYSVINIT +UTMP +LIBCRYPTSETUP +GCRYPT +GNUTLS +ACL +XZ +LZ4 +SECCOMP +BLKID +ELFUTILS +KMOD -IDN2 +IDN -PCRE2 default-hierarchy=hybrid)
[    6.264947] systemd[1]: Detected virtualization oracle.
[    6.265646] systemd[1]: Detected architecture x86-64.

Welcome to [1mUbuntu 18.04.6 LTS[0m!

[    6.269166] systemd[1]: Set hostname to <ubuntu>.
[    6.271292] systemd[1]: Initializing machine ID from random generator.
[    6.272151] systemd[1]: Installed transient /etc/machine-id file.
[    6.505500] systemd[1]: Started Forward Password Requests to Wall Directory Watch.
[[0;32m  OK  [0m] Started Forward Password Requests to Wall Directory Watch.
[    6.516279] systemd[1]: Reached target User and Group Name Lookups.
[[0;32m  OK  [0m] Reached target User and Group Name Lookups.
[    6.529917] systemd[1]: Created slice System Slice.
[[0;32m  OK  [0m] Created slice System Slice.
[    6.614850] systemd[1]: Listening on fsck to fsckd communication Socket.
[[0;32m  OK  [0m] Listening on fsck to fsckd communication Socket.
[[0;32m  OK  [0m] Listening on Journal Audit Socket.
[[0;32m  OK  [0m] Listening on Device-mapper event daemon FIFOs.
[[0;32m  OK  [0m] Listening on Journal Socket.
         Mounting POSIX Message Queue File System...
         Starting Create list of required stâ€¦ce nodes for the current kernel...
         Starting Load Kernel Modules...
[[0;32m  OK  [0m] Created slice system-serial\x2dgetty.slice.
[[0;32m  OK  [0m] Listening on Syslog Socket.
[[0;32m  OK  [0m] Created slice User and Session Slice.
[    7.562794] Loading iSCSI transport class v2.0-870.
[    7.567764] iscsi: registered transport (tcp)
[[0;32m  OK  [0m] Reached target Slices.
         Starting File System Check on Root Device...
         Mounting Kernel Debug File System...
[[0;32m  OK  [0m] Reached target Swap.
[[0;32m  OK  [0m] Listening on LVM2 metadata daemon socket.
         Starting Set the console keyboard layout...
[[0;32m  OK  [0m] Listening on udev Kernel Socket.
         Mounting Huge Pages File System...
[[0;32m  OK  [0m] Reached target System Time Synchronized.
[[0;32m  OK  [0m] Listening on Network Service Netlink Socket.
         Starting Uncomplicated firewall...
[[0;32m  OK  [0m] Listening on /dev/initctl Compatibility Named Pipe.
[[0;32m  OK  [0m] Listening on udev Control Socket.
         Starting udev Coldplug all Devices...
[[0;32m  OK  [0m] Listening on LVM2 poll daemon socket.
         Starting Monitoring of LVM2 mirrorsâ€¦ng dmeventd or progress polling...
[[0;32m  OK  [0m] Set up automount Arbitrary Executabâ€¦rmats File System Automount Point.
[[0;32m  OK  [0m] Listening on Journal Socket (/dev/log).
[    7.666461] iscsi: registered transport (iser)
         Starting Journal Service...
[[0;32m  OK  [0m] Mounted POSIX Message Queue File System.
[[0;32m  OK  [0m] Started Create list of required staâ€¦vice nodes for the current kernel.
[[0;32m  OK  [0m] Started Journal Service.
[[0;32m  OK  [0m] Started Load Kernel Modules.
[[0;32m  OK  [0m] Started File System Check on Root Device.
[[0;32m  OK  [0m] Mounted Kernel Debug File System.
[[0;32m  OK  [0m] Mounted Huge Pages File System.
[[0;32m  OK  [0m] Started Uncomplicated firewall.
[[0;32m  OK  [0m] Started LVM2 metadata daemon.
[[0;32m  OK  [0m] Started File System Check Daemon to report status.
         Starting Remount Root and Kernel File Systems...
         Mounting Kernel Configuration File System...
         Starting Apply Kernel Variables...
         Mounting FUSE Control File System...
         Starting Create Static Device Nodes in /dev...
[[0;32m  OK  [0m] Mounted Kernel Configuration File System.
[[0;32m  OK  [0m] Mounted FUSE Control File System.
[[0;32m  OK  [0m] Started udev Coldplug all Devices.
[[0;32m  OK  [0m] Started Create Static Device Nodes in /dev.
[[0;32m  OK  [0m] Started Remount Root and Kernel File Systems.
[[0;32m  OK  [0m] Started Apply Kernel Variables.
[[0;32m  OK  [0m] Started Monitoring of LVM2 mirrors,â€¦sing dmeventd or progress polling.
         Starting Flush Journal to Persistent Storage...
         Starting Load/Save Random Seed...
         Starting udev Kernel Device Manager...
[[0;32m  OK  [0m] Started Load/Save Random Seed.
[[0;32m  OK  [0m] Started udev Kernel Device Manager.
[[0;32m  OK  [0m] Started Flush Journal to Persistent Storage.
[[0;32m  OK  [0m] Found device /dev/ttyS0.
[[0;32m  OK  [0m] Listening on Load/Save RF Kill Switch Status /dev/rfkill Watch.
[[0;32m  OK  [0m] Started Set the console keyboard layout.
[[0;32m  OK  [0m] Reached target Local File Systems (Pre).
[[0;32m  OK  [0m] Reached target Local File Systems.
         Starting ebtables ruleset management...
         Starting Commit a transient machine-id on disk...
         Starting AppArmor initialization...
         Starting Set console font and keymap...
         Starting Create Volatile Files and Directories...
         Starting Tell Plymouth To Write Out Runtime Data...
[[0;32m  OK  [0m] Started Dispatch Password Requests to Console Directory Watch.
[[0;32m  OK  [0m] Reached target Local Encrypted Volumes.
[[0;32m  OK  [0m] Started Set console font and keymap.
[[0;32m  OK  [0m] Started Tell Plymouth To Write Out Runtime Data.
[[0;32m  OK  [0m] Started Create Volatile Files and Directories.
         Starting Update UTMP about System Boot/Shutdown...
[[0;32m  OK  [0m] Started Update UTMP about System Boot/Shutdown.
[[0;32m  OK  [0m] Started Commit a transient machine-id on disk.
[[0;32m  OK  [0m] Started ebtables ruleset management.
[[0;32m  OK  [0m] Started AppArmor initialization.
         Starting Load AppArmor profiles managed internally by snapd...
         Starting Initial cloud-init job (pre-networking)...
[[0;32m  OK  [0m] Started Load AppArmor profiles managed internally by snapd.
[    9.871164] cloud-init[718]: Cloud-init v. 22.2-0ubuntu1~18.04.1 running 'init-local' at Mon, 13 Jun 2022 07:57:49 +0000. Up 9.63 seconds.
[[0;32m  OK  [0m] Started Initial cloud-init job (pre-networking).
[[0;32m  OK  [0m] Reached target Network (Pre).
         Starting Network Service...
[[0;32m  OK  [0m] Started Network Service.
         Starting Wait for Network to be Configured...
         Starting Network Name Resolution...
[[0;32m  OK  [0m] Started Network Name Resolution.
[[0;32m  OK  [0m] Reached target Host and Network Name Lookups.
[[0;32m  OK  [0m] Reached target Network.
[[0;32m  OK  [0m] Started Wait for Network to be Configured.
         Starting Initial cloud-init job (metadata service crawler)...
[   11.557322] cloud-init[830]: Cloud-init v. 22.2-0ubuntu1~18.04.1 running 'init' at Mon, 13 Jun 2022 07:57:51 +0000. Up 11.45 seconds.
[   11.568148] cloud-init[830]: ci-info: ++++++++++++++++++++++++++++++++++++++Net device info++++++++++++++++++++++++++++++++++++++
[   11.580127] cloud-init[830]: ci-info: +--------+------+----------------------------+---------------+--------+-------------------+
[   11.592125] cloud-init[830]: ci-info: | Device |  Up  |          Address           |      Mask     | Scope  |     Hw-Address    |
[   11.604268] cloud-init[830]: ci-info: +--------+------+----------------------------+---------------+--------+-------------------+
[   11.605183] cloud-init[830]: ci-info: | enp0s3 | True |         10.0.2.15          | 255.255.255.0 | global | 02:e0:b1:59:f4:9d |
[   11.606219] cloud-init[830]: ci-info: | enp0s3 | True | fe80::e0:b1ff:fe59:f49d/64 |       .       |  link  | 02:e0:b1:59:f4:9d |
[   11.607120] cloud-init[830]: ci-info: |   lo   | True |         127.0.0.1          |   255.0.0.0   |  host  |         .         |
[   11.608176] cloud-init[830]: ci-info: |   lo   | True |          ::1/128           |       .       |  host  |         .         |
[   11.620181] cloud-init[830]: ci-info: +--------+------+----------------------------+---------------+--------+-------------------+
[   11.632662] cloud-init[830]: ci-info: ++++++++++++++++++++++++++++Route IPv4 info+++++++++++++++++++++++++++++
[   11.633959] cloud-init[830]: ci-info: +-------+-------------+----------+-----------------+-----------+-------+
[   11.635157] cloud-init[830]: ci-info: | Route | Destination | Gateway  |     Genmask     | Interface | Flags |
[   11.637019] cloud-init[830]: ci-info: +-------+-------------+----------+-----------------+-----------+-------+
[   11.637955] cloud-init[830]: ci-info: |   0   |   0.0.0.0   | 10.0.2.2 |     0.0.0.0     |   enp0s3  |   UG  |
[   11.638966] cloud-init[830]: ci-info: |   1   |   10.0.2.0  | 0.0.0.0  |  255.255.255.0  |   enp0s3  |   U   |
[   11.639960] cloud-init[830]: ci-info: |   2   |   10.0.2.2  | 0.0.0.0  | 255.255.255.255 |   enp0s3  |   UH  |
[   11.640979] cloud-init[830]: ci-info: +-------+-------------+----------+-----------------+-----------+-------+
[   11.641969] cloud-init[830]: ci-info: +++++++++++++++++++Route IPv6 info+++++++++++++++++++
[   11.642830] cloud-init[830]: ci-info: +-------+-------------+---------+-----------+-------+
[   11.643696] cloud-init[830]: ci-info: | Route | Destination | Gateway | Interface | Flags |
[   11.644577] cloud-init[830]: ci-info: +-------+-------------+---------+-----------+-------+
[   11.645709] cloud-init[830]: ci-info: |   1   |  fe80::/64  |    ::   |   enp0s3  |   U   |
[   11.646695] cloud-init[830]: ci-info: |   3   |    local    |    ::   |   enp0s3  |   U   |
[   11.647535] cloud-init[830]: ci-info: |   4   |   ff00::/8  |    ::   |   enp0s3  |   U   |
[   11.648704] cloud-init[830]: ci-info: +-------+-------------+---------+-----------+-------+
[   12.096211] cloud-init[830]: Generating public/private rsa key pair.
[   12.108309] cloud-init[830]: Your identification has been saved in /etc/ssh/ssh_host_rsa_key.
[   12.120424] cloud-init[830]: Your public key has been saved in /etc/ssh/ssh_host_rsa_key.pub.
[   12.132146] [cloud-init[0;32m  OK  [0m[830]: ] The key fingerprint is:Started Initial cloud-init job (metadata service crawler).

[[0;32m  OK  [0m] Reached target Cloud-config availability.
[[0;32m  OK  [0m] Reached target Network is Online.
[   12.145355] cloud-init[830]: SHA256:i/h04+38FnV40QidxRbUSxv9q+Ko3xP59nR2t/VdloE root@ubuntu-bionic
[[0;32m  OK  [0m] Reached target Remote File Systems (Pre).
[[0;32m  OK  [0m] Reached target Remote File Systems.
[   12.169049] cloud-init[830]: The key's randomart image is:
[   12.181691]          cloud-initStarting Availability of block devices...[830]: 
+---[RSA 2048]----+
[[0;32m  OK  [0m] Reached target System Initialization.
[   12.192927] cloud-init[830]: |            .o.B*|
[[0;32m  OK  [0m] Started Message of the Day.
[   12.216647] cloud-init[830]: |              ++*|
[[0;32m  OK  [0m] Listening on D-Bus System Message Bus Socket.
[[0;32m  OK  [0m] Started Daily Cleanup of Temporary Directories.
[   12.218093] cloud-init[830]: |              .o*|[
[0;32m  OK  [0m] Listening on ACPID Listen Socket.
[[0;32m  OK  [0m] Started Daily apt download activities.
[   12.241131] [[0;32m  OK  [0m] Started Daily apt upgrade and clean activities.
[[0;32m  OK  [0m] Listening on cloud-init hotplug hook socket.
cloud-init[830]: |              +o+|
[[0;32m  OK  [0m] Started Trigger to poll for Ubuntu â€¦(Only enabled on GCP LTS non-pro).
[   12.264769] cloud-init[[830]: [0;32m  OK  [0m|        S   .E +.|] 
Listening on Open-iSCSI iscsid Socket.
[[0;32m  OK  [0m] Listening on UUID daemon activation socket.
[   12.289019] cloud-init[830]: |     . . . o.  .o|
[   12.300708] cloud-init[830]: |    . o +   o..oO|
[[0;32m  OK  [0m] Started Discard unused blocks once a week.
[[0;32m  OK  [0m] Started Ubuntu Advantage Timer for running repeated jobs.
[   12.303205]          Starting Socket activation for snappy daemon.
cloud-init[830]: |     o o +oo.+.oX|
[[0;32m  OK  [0m] Started ACPI Events Check.
[[0;32m  OK  [0m] Reached target Paths.
[   12.319248] cloud-init[830]: |      ..++=== .oo|
[   12.320834] cloud-init[830]: +----[SHA256]-----+
         Starting LXD - unix socket.
[   12.339816] cloud-init[830]: Generating public/private dsa key pair.
[[0;32m  OK  [0m] Reached target Timers.
[   12.360706] cloud-init[830]: Your identification has been saved in /etc/ssh/ssh_host_dsa_key.
[[0;32m  OK  [0m] Started Availability of block devices.
[   12.372679] cloud-init[830]: Your public key has been saved in /etc/ssh/ssh_host_dsa_key.pub.
[[0;32m  OK  [0m] Listening on Socket activation for snappy daemon.
[[0;32m  OK  [0m] Listening on LXD - unix socket.
[   12.386286] [[0;32m  OK  [0m] Reached target Sockets.
cloud-init[[830]: [0;32m  OK  [0mThe key fingerprint is:] Reached target Basic System.

[[0;32m  OK  [0m] Started irqbalance daemon.
[   12.408831] cloud-init[830]: SHA256:9NG3CoyshWExB9b+NSLFdtddvva+YG0XcCxkPBVpP+0 root@ubuntu-bionic
         Starting System Logging Service...
[   12.432301] cloud-init[830]: The key's randomart image is:
         Starting LSB: automatic crash report generation...
[   12.445245] cloud-init[830]: +---[DSA 1024]----+         Starting LSB: Record successful boot for GRUB...
         Starting Login Service...

[   12.447496] cloud-init[830]: |      =o..  .o.+*|[[0;32m  OK  [0m] Started D-Bus System Message Bus.

[   12.449198] cloud-init[830]: |     . +. +.+oo+o|
[   12.451147] cloud-init[830]: |      o..o...++o+|
[   12.453360] cloud-init[830]: |     . =o+..o.+o+|
[   12.454095] cloud-init[830]: |      . So+o ..=.|
[   12.455070] cloud-init[830]: |       o  .. .o E|
[   12.456221] cloud-init[830]: |      .     .o oo|
[   12.456992] cloud-init[830]: |            . o..|
[   12.458243] cloud-init[830]: |               .o|
[   12.459802] cloud-init[830]: +----[SHA256]-----+
[   12.460678] cloud-init[830]: Generating public/private ecdsa key pair.
[   12.461758] cloud-init[830]: Your identification has been saved in /etc/ssh/ssh_host_ecdsa_key.
[   12.462896] cloud-init[830]: Your public key has been saved in /etc/ssh/ssh_host_ecdsa_key.pub.[[0;32m  OK  [0m] Started Deferred execution scheduler.

[   12.465970] cloud-init[830]: The key fingerprint is:
[   12.466605] cloud-init[830]: SHA256:mE0NxBw/K1XC9sTbyZIESnDtsUgmOlFIxGC5OMb2wM4 root@ubuntu-bionic
[   12.467548] cloud-init[830]: The key's randomart image is:
[   12.468222] cloud-init[830]: +---[ECDSA 256]---+
[   12.468820] cloud-init[830]: |  o*ooo=*+oo.    |
[   12.469406] cloud-init[830]: | .. + .o===o+    |
[   12.469987] cloud-init[830]: |o. . o +o+=* = . |
[   12.470572] cloud-init[830]: |o*. o  =..oo= +  |
[   12.471153] cloud-init[830]: |=.o  .o S .  .   |
[   12.471978] cloud-init[830]: | E .     .       |
[   12.475103] cloud-init[830]: |                 |
[   12.475706] cloud-init[830]: |                 |
[   12.476343] cloud-init[830]: |                 |
[   12.476919] cloud-init[830]: +----[SHA256]-----+
[   12.477481] cloud-init[830]: Generating public/private ed25519 key pair.
[   12.478241] cloud-init[830]: Your identification has been saved in /etc/ssh/ssh_host_ed25519_key.
[   12.479189] cloud-init[830]: Your public key has been saved in /etc/ssh/ssh_host_ed25519_key.pub.
[   12.480153] cloud-init[830]: The key fingerprint is:
[   12.480772] cloud-init[830]: SHA256:TQPChZ2T1NjWEYhKbbg5VzukEe+L6V/NSYOVYpnflFQ root@ubuntu-bionic
[   12.482111] cloud-init[830]: The key's randomart image is:
[   12.482837] cloud-init[830]: +--[ED25519 256]--+
[   12.483459] cloud-init[830]: |     ..B=O ooo .E|
[   12.484167] cloud-init[830]: |      =.@oB .o...|
[   12.484751] cloud-init[830]: |     . = B+.= o..|
[   12.485335] cloud-init[830]: |      = o+oo = o |
[   12.486076] cloud-init[830]: |       oS o.. + .|
[   12.486743] cloud-init[830]: |         o . + o |
[   12.487327] cloud-init[830]: |        o . . +  |
[   12.489861] cloud-init[830]: |       .   .     |
[   12.490819] cloud-init[830]: |        ...      |
[   12.491434] cloud-init[830]: +----[SHA256]-----+
         Starting Dispatcher daemon for systemd-networkd...
         Starting LXD - container startup/shutdown...
         Starting Permit User Sessions...
         Starting Pollinate to seed the pseudo random number generator...
         Starting Accounts Service...
[[0;32m  OK  [0m] Started FUSE filesystem for LXC.
         Starting Virtualbox guest utils...
[[0;32m  OK  [0m] Started Regular background program processing daemon.
         Starting Snap Daemon...
[[0;32m  OK  [0m] Started System Logging Service.
[[0;32m  OK  [0m] Started LXD - container startup/shutdown.
[[0;32m  OK  [0m] Started Permit User Sessions.
[[0;32m  OK  [0m] Started Login Service.
[[0;32m  OK  [0m] Started Unattended Upgrades Shutdown.
         Starting Terminate Plymouth Boot Screen...
         Starting Hold until boot process finishes up...
[[0;32m  OK  [0m] Started Hold until boot process finishes up.
[[0;32m  OK  [0m] Started Terminate Plymouth Boot Screen.
         Starting Authorization Manager...
         Starting Set console scheme...
[[0;32m  OK  [0m] Started Serial Getty on ttyS0.
[[0;32m  OK  [0m] Started LSB: automatic crash report generation.
[[0;32m  OK  [0m] Started Authorization Manager.
[[0;32m  OK  [0m] Started Accounts Service.
[[0;32m  OK  [0m] Started Set console scheme.
[[0;32m  OK  [0m] Created slice system-getty.slice.
[[0;32m  OK  [0m] Started Getty on tty1.
[[0;32m  OK  [0m] Reached target Login Prompts.
[[0;32m  OK  [0m] Started Virtualbox guest utils.
[[0;32m  OK  [0m] Started LSB: Record successful boot for GRUB.
[[0;32m  OK  [0m] Started Dispatcher daemon for systemd-networkd.
[[0;32m  OK  [0m] Started Snap Daemon.
         Starting Wait until snapd is fully seeded...
         Starting Time & Date Service...
[[0;32m  OK  [0m] Started Time & Date Service.
[[0;32m  OK  [0m] Started Pollinate to seed the pseudo random number generator.
         Starting OpenBSD Secure Shell server...
[[0;32m  OK  [0m] Started Wait until snapd is fully seeded.
         Starting Apply the settings specified in cloud-config...
[[0;32m  OK  [0m] Started OpenBSD Secure Shell server.
[[0;32m  OK  [0m] Reached target Multi-User System.
[[0;32m  OK  [0m] Reached target Graphical Interface.
         Starting Update UTMP about System Runlevel Changes...
[[0;32m  OK  [0m] Started Update UTMP about System Runlevel Changes.
[[0;32m  OK  [0m] Created slice User Slice of vagrant.
         Starting User Manager for UID 1000...
[[0;32m  OK  [0m] Started Session 1 of user vagrant.
[[0;32m  OK  [0m] Started User Manager for UID 1000.
[   16.205952] cloud-init[1391]: Cloud-init v. 22.2-0ubuntu1~18.04.1 running 'modules:config' at Mon, 13 Jun 2022 07:57:55 +0000. Up 15.81 seconds.
[[0;32m  OK  [0m] Started Apply the settings specified in cloud-config.
         Starting Execute cloud user/final scripts...
ci-info: no authorized SSH keys fingerprints found for user ubuntu.
<14>Jun 13 07:57:56 cloud-init: #############################################################
<14>Jun 13 07:57:56 cloud-init: -----BEGIN SSH HOST KEY FINGERPRINTS-----
<14>Jun 13 07:57:56 cloud-init: 1024 SHA256:9NG3CoyshWExB9b+NSLFdtddvva+YG0XcCxkPBVpP+0 root@ubuntu-bionic (DSA)
<14>Jun 13 07:57:56 cloud-init: 256 SHA256:mE0NxBw/K1XC9sTbyZIESnDtsUgmOlFIxGC5OMb2wM4 root@ubuntu-bionic (ECDSA)
<14>Jun 13 07:57:56 cloud-init: 256 SHA256:TQPChZ2T1NjWEYhKbbg5VzukEe+L6V/NSYOVYpnflFQ root@ubuntu-bionic (ED25519)
<14>Jun 13 07:57:56 cloud-init: 2048 SHA256:i/h04+38FnV40QidxRbUSxv9q+Ko3xP59nR2t/VdloE root@ubuntu-bionic (RSA)
<14>Jun 13 07:57:56 cloud-init: -----END SSH HOST KEY FINGERPRINTS-----
<14>Jun 13 07:57:56 cloud-init: #############################################################
-----BEGIN SSH HOST KEY KEYS-----
ecdsa-sha2-nistp256 AAAAE2VjZHNhLXNoYTItbmlzdHAyNTYAAAAIbmlzdHAyNTYAAABBBBpyV8bteqJBFTEH8Z1jfMkHmkLSXxI8BaK2e6Xli2R8rr7Xfb037yTX7hDrhz9C7plKgQw1T4mn49+zzrpPijc= root@ubuntu-bionic
ssh-ed25519 AAAAC3NzaC1lZDI1NTE5AAAAIKuMDySt5gdIJvsHqqRPCxRWahNIk0f1gnPnX1+yRdOi root@ubuntu-bionic
ssh-rsa AAAAB3NzaC1yc2EAAAADAQABAAABAQDGbVBPAC16ebTPOO/MStdkZD13vkhI6FiQxkiXMBwYLFVNgUPPqF6KJiWh12b8cKz8r7fgwTM7wjJxpYByrZLxfCloUAeM+oXIZuj40sA44+6XYrzNJJnG3HlV8yOje6F+bnbCfVk+StWsQ5DWKVD+3lGKBnxUhRrTiRrLSfgevJlJZ9xKZ1ES1ZJ9NlQGeTm/9Tyq0yFfeglrX14ejAvmNbzakK7BSb80hatJR+2J4k8TpB2KXqc8CorrhlsCaT3FL70yKt5lFSPZhL97wqspuCENdjK1juIMPzMrH2u9e6Kv2r4/LChaNWQiYDAJ9FqOPYNNRvnSoGdVe2NKlmy7 root@ubuntu-bionic
-----END SSH HOST KEY KEYS-----
[   16.806933] cloud-init[1507]: Cloud-init v. 22.2-0ubuntu1~18.04.1 running 'modules:final' at Mon, 13 Jun 2022 07:57:56 +0000. Up 16.60 seconds.
[   16.808226] cloud-init[1507]: Cloud-init v. 22.2-0ubuntu1~18.04.1 finished at Mon, 13 Jun 2022 07:57:56 +0000. Datasource DataSourceNoCloud [seed=/dev/sdb][dsmode=net].  Up 16.79 seconds
[[0;32m  OK  [0m] Started Execute cloud user/final scripts.
[[0;32m  OK  [0m] Reached target Cloud-init target.

Ubuntu 18.04.6 LTS ubuntu-bionic ttyS0

ubuntu-bionic login: 